[10-14 08:28:39] deformable post-train finished
validation routes: ['10857.xml', '11715.xml', '23901.xml', '24071.xml', '24092.xml', '24258.xml']
[10-14 08:28:39] validating: reference on 6 routes, 3 instances
shard 0: 2 routes on port 4000
shard 1: 2 routes on port 4400
shard 2: 2 routes on port 4800
shards finished, failed: none
merged 6 rows into /home/razzaghi/LEAD/lead/results/parallel_validation.csv (matrix is 6)
parallel validation: 6/6 scored, mean |diff| 0.00
  10857.xml: parallel 100.0 vs sequential 100.0
  11715.xml: parallel 100.0 vs sequential 100.0
  23901.xml: parallel 100.0 vs sequential 100.0
  24071.xml: parallel 100.0 vs sequential 100.0
  24092.xml: parallel 100.0 vs sequential 100.0
  24258.xml: parallel 100.0 vs sequential 100.0
[10-14 08:37:50] parallel scoring validated: 3 instances
[10-14 08:37:50] scoring deformable_diverse, 30 routes x 3 conditions, 3 instance(s)
shard 0: 10 routes on port 5200
shard 1: 10 routes on port 5600
shard 2: 10 routes on port 6000
shards finished, failed: none
merged 90 rows into /home/razzaghi/LEAD/lead/results/closed_loop_diverse_deformable.csv (matrix is 90)
[10-14 12:05:36] deformable scored: 90 rows
[10-14 12:05:36] pretrain starting: 31 epochs, deformable + curriculum v2
[10-14 20:44:14] pretrain done
[10-14 20:44:14] post-train starting: 31 epochs from the pretrain
[10-15 04:49:53] post-train done
[10-15 04:49:53] scoring curriculum2, 30 routes x 3 conditions, 3 instance(s)
shard 0: 10 routes on port 6400
shard 1: 10 routes on port 6800
shard 2: 10 routes on port 7200
shards finished, failed: none
merged 90 rows into /home/razzaghi/LEAD/lead/results/closed_loop_diverse_curriculum2.csv (matrix is 90)
[10-15 08:01:40] done: 90 rows in results/closed_loop_diverse_curriculum2.csv
