585 log names from selected_frames_town.txt
reading the file listing at the pinned revision 36d36c0
all 585 logs resolve at the pinned revision, both views
19905 files, 32.3 GB
round 1: 19.04 of 32.33 GB, 10530 files to go
  500/10530 started
  1000/10530 started
  1500/10530 started
  2000/10530 started
  2500/10530 started
  3000/10530 started
  3500/10530 started
  4000/10530 started
  4500/10530 started
  5000/10530 started
  5500/10530 started
  6000/10530 started
  6500/10530 started
  7000/10530 started
  7500/10530 started
  8000/10530 started
  8500/10530 started
  9000/10530 started
  9500/10530 started
  10000/10530 started
  10500/10530 started
round 2: 32.32 of 32.33 GB, 1 files to go
round 3: 32.33 of 32.33 GB, 0 files to go
complete
on disk: 32.33 GB in 19905 files
