[08:00:41] waiting for the ablation chain to finish
[17:06:48] chain process is gone
[17:06:48] models found: rung0=outputs/rung0_baseline_post rung1=outputs/rung1_deformable_free_post rung2=outputs/rung2_deformable_calibrated_post rung2a=outputs/rung2a_curriculum_only_post rung2b=outputs/rung2b_observability_ungated_post rung3=outputs/rung3_observability_gated_post rung4=outputs/rung4_light_auxiliary_post
[17:06:48] running the mechanism probe over 7 models

=== rung0 ===
  none:0       camera_share=-- gate_pref=-- wp_l2=0.6909
  camera:0.5   camera_share=-- gate_pref=-- wp_l2=0.7308
  camera:1.0   camera_share=-- gate_pref=-- wp_l2=0.8184
  lidar:0.5    camera_share=-- gate_pref=-- wp_l2=0.7583
  lidar:1.0    camera_share=-- gate_pref=-- wp_l2=1.2884

=== rung1 ===
  none:0       camera_share=0.3548 gate_pref=-- wp_l2=0.4920
  camera:0.5   camera_share=0.3463 gate_pref=-- wp_l2=0.5370
  camera:1.0   camera_share=0.3489 gate_pref=-- wp_l2=0.6748
  lidar:0.5    camera_share=0.3528 gate_pref=-- wp_l2=0.5756
  lidar:1.0    camera_share=0.3486 gate_pref=-- wp_l2=1.0046

=== rung2 ===
  none:0       camera_share=0.4323 gate_pref=-- wp_l2=0.5546
  camera:0.5   camera_share=0.4331 gate_pref=-- wp_l2=0.6669
  camera:1.0   camera_share=0.4389 gate_pref=-- wp_l2=1.0926
  lidar:0.5    camera_share=0.4346 gate_pref=-- wp_l2=0.7195
  lidar:1.0    camera_share=0.4365 gate_pref=-- wp_l2=1.6432

=== rung2a ===
  none:0       camera_share=0.3557 gate_pref=-- wp_l2=0.4424
  camera:0.5   camera_share=0.3439 gate_pref=-- wp_l2=0.4654
  camera:1.0   camera_share=0.3273 gate_pref=-- wp_l2=0.5679
  lidar:0.5    camera_share=0.3575 gate_pref=-- wp_l2=0.4722
  lidar:1.0    camera_share=0.3646 gate_pref=-- wp_l2=0.6893

=== rung2b ===
  none:0       camera_share=0.4333 gate_pref=-- wp_l2=0.5571
  camera:0.5   camera_share=0.4257 gate_pref=-- wp_l2=0.6009
  camera:1.0   camera_share=0.4292 gate_pref=-- wp_l2=0.6945
  lidar:0.5    camera_share=0.4350 gate_pref=-- wp_l2=0.5712
  lidar:1.0    camera_share=0.4373 gate_pref=-- wp_l2=0.6665

=== rung3 ===
  none:0       camera_share=0.4622 gate_pref=0.7504 wp_l2=0.5812
  camera:0.5   camera_share=0.2917 gate_pref=-2.1758 wp_l2=0.5848
  camera:1.0   camera_share=0.2081 gate_pref=-3.7337 wp_l2=0.6348
  lidar:0.5    camera_share=0.5671 gate_pref=2.6193 wp_l2=0.5984
  lidar:1.0    camera_share=0.6127 gate_pref=3.6866 wp_l2=0.7997

=== rung4 ===
  none:0       camera_share=0.4469 gate_pref=1.1433 wp_l2=0.4412
  camera:0.5   camera_share=0.2878 gate_pref=-0.9994 wp_l2=0.4581
  camera:1.0   camera_share=0.1939 gate_pref=-2.5395 wp_l2=0.5157
  lidar:0.5    camera_share=0.4979 gate_pref=1.8837 wp_l2=0.4561
  lidar:1.0    camera_share=0.5548 gate_pref=2.9280 wp_l2=0.6183

wrote 35 rows to /home/razzaghi/LEAD/lead/results/mechanism.csv
[17:11:09] writing the summary table
[17:11:09] drawing the figure for rung3
wrote /home/razzaghi/LEAD/lead/results/observability_rung3.png
[17:11:25] drawing the figure for rung2b
wrote /home/razzaghi/LEAD/lead/results/observability_rung2b.png
[17:11:42] drawing the figure for rung4
wrote /home/razzaghi/LEAD/lead/results/observability_rung4.png
[17:11:58] done. results:
-rw-rw-r-- 1 razzaghi razzaghi    2862 Sep 21 17:11 /home/razzaghi/LEAD/lead/results/mechanism.csv
-rw-rw-r-- 1 razzaghi razzaghi    3789 Sep 21 17:11 /home/razzaghi/LEAD/lead/results/mechanism_table_latest.txt
-rw-rw-r-- 1 razzaghi razzaghi 2035722 Sep 20 13:16 /home/razzaghi/LEAD/lead/results/observability_figure.png
-rw-rw-r-- 1 razzaghi razzaghi 2025645 Sep 21 17:11 /home/razzaghi/LEAD/lead/results/observability_rung2b.png
-rw-rw-r-- 1 razzaghi razzaghi 2035722 Sep 21 17:11 /home/razzaghi/LEAD/lead/results/observability_rung3.png
-rw-rw-r-- 1 razzaghi razzaghi 2039920 Sep 21 17:11 /home/razzaghi/LEAD/lead/results/observability_rung4.png

==============================================================================
1. MECHANISM -- shift in camera attention share vs that model's clean row
   Expected: negative when the camera is damaged, positive when the
   LiDAR is. A model with no gate has no way to shift and should sit
   near zero.
==============================================================================
model   gate    camera:0.5  camera:1.0   lidar:0.5   lidar:1.0
rung0   no              --          --          --          --
rung1   no          -0.008      -0.006      -0.002      -0.006
rung2   no          +0.001      +0.007      +0.002      +0.004
rung2a  no          -0.012      -0.028      +0.002      +0.009
rung2b  no          -0.008      -0.004      +0.002      +0.004
rung3   yes         -0.171      -0.254      +0.105      +0.151
rung4   yes         -0.159      -0.253      +0.051      +0.108

   direction and size, over the four damaged conditions:
   model     mean |shift|   correct direction
   rung0               --                  --
   rung1           0.0056                 2/4
   rung2           0.0035                 2/4
   rung2a          0.0127                 4/4
   rung2b          0.0044                 4/4
   rung3           0.1700                 4/4
   rung4           0.1428                 4/4

==============================================================================
2. ROBUSTNESS -- open-loop waypoint L2. Lower is better; * marks the
   best model in each column.
==============================================================================
model          none:0   camera:0.5   camera:1.0    lidar:0.5    lidar:1.0
rung0          0.691        0.731        0.818        0.758        1.288 
rung1          0.492        0.537        0.675        0.576        1.005 
rung2          0.555        0.667        1.093        0.719        1.643 
rung2a         0.442        0.465        0.568        0.472        0.689 
rung2b         0.557        0.601        0.694        0.571        0.667 
rung3          0.581        0.585        0.635        0.598        0.800 
rung4          0.441*       0.458*       0.516*       0.456*       0.618*

   The same numbers as a percentage of each model's own clean row.
   Read this second and read it carefully: a model that starts worse
   has less room to fall, so a small percentage here can mean a large
   absolute error above. The table above is the one that decides.
   model      camera:0.5   camera:1.0    lidar:0.5    lidar:1.0
   rung0             +6%         +18%         +10%         +86%
   rung1             +9%         +37%         +17%        +104%
   rung2            +20%         +97%         +30%        +196%
   rung2a            +5%         +28%          +7%         +56%
   rung2b            +8%         +25%          +3%         +20%
   rung3             +1%          +9%          +3%         +38%
   rung4             +4%         +17%          +3%         +40%

==============================================================================
3. THE CONTRAST
==============================================================================
   gated   ['rung3', 'rung4']: mean |shift| 0.1564
   ungated ['rung1', 'rung2', 'rung2a', 'rung2b']: mean |shift| 0.0066
   ratio: the gated models reallocate 24x more

   The ungated models are deformable too, so the operator is not what
   reallocates attention -- they simply have no modality axis to
   shift. That is what makes this attributable to the gate rather
   than to the backbone or to the degradation curriculum.

   Note what this does NOT settle: every model carrying the gate also
   trained with the degradation curriculum, so the robustness table
   above still confounds the two. rung2a (curriculum, no gate) is the
   row that separates them.
