curl: (28) Failed to connect to us.aws.cdn.hf.co port 443 after 20002 ms: Timeout was reached
curl: (28) Failed to connect to us.aws.cdn.hf.co port 443 after 20002 ms: Timeout was reached
curl: (28) Failed to connect to us.aws.cdn.hf.co port 443 after 20002 ms: Timeout was reached
curl: (28) Failed to connect to us.aws.cdn.hf.co port 443 after 20002 ms: Timeout was reached
curl: (28) Failed to connect to us.aws.cdn.hf.co port 443 after 20002 ms: Timeout was reached
curl: (28) Failed to connect to us.aws.cdn.hf.co port 443 after 20002 ms: Timeout was reached
curl: (28) Failed to connect to us.aws.cdn.hf.co port 443 after 20002 ms: Timeout was reached
curl: (28) Failed to connect to us.aws.cdn.hf.co port 443 after 20002 ms: Timeout was reached
curl: (28) Failed to connect to us.aws.cdn.hf.co port 443 after 20002 ms: Timeout was reached
curl: (28) Failed to connect to us.aws.cdn.hf.co port 443 after 20002 ms: Timeout was reached
curl: (28) Failed to connect to us.aws.cdn.hf.co port 443 after 20002 ms: Timeout was reached
curl: (28) Failed to connect to us.aws.cdn.hf.co port 443 after 20002 ms: Timeout was reached
curl: (28) Failed to connect to us.aws.cdn.hf.co port 443 after 20002 ms: Timeout was reached
curl: (28) Failed to connect to us.aws.cdn.hf.co port 443 after 20002 ms: Timeout was reached
curl: (18) Transferred a partial file
curl: (7) Failed to connect to huggingface.co port 443 after 72 ms: Couldn't connect to server
curl: (18) Transferred a partial file
curl: (7) Failed to connect to us.aws.cdn.hf.co port 443 after 80 ms: Couldn't connect to server
curl: (7) Failed to connect to us.aws.cdn.hf.co port 443 after 80 ms: Couldn't connect to server
curl: (7) Failed to connect to huggingface.co port 443 after 79 ms: Couldn't connect to server
curl: (7) Failed to connect to huggingface.co port 443 after 78 ms: Couldn't connect to server
curl: (7) Failed to connect to huggingface.co port 443 after 71 ms: Couldn't connect to server
curl: (7) Failed to connect to huggingface.co port 443 after 71 ms: Couldn't connect to server
curl: (7) Failed to connect to huggingface.co port 443 after 80 ms: Couldn't connect to server
curl: (28) Failed to connect to us.aws.cdn.hf.co port 443 after 20002 ms: Timeout was reached
curl: (7) Failed to connect to huggingface.co port 443 after 78 ms: Couldn't connect to server
curl: (7) Failed to connect to huggingface.co port 443 after 71 ms: Couldn't connect to server
curl: (7) Failed to connect to huggingface.co port 443 after 79 ms: Couldn't connect to server
curl: (28) Failed to connect to us.aws.cdn.hf.co port 443 after 20002 ms: Timeout was reached
curl: (28) Failed to connect to us.aws.cdn.hf.co port 443 after 20002 ms: Timeout was reached
curl: (28) Failed to connect to us.aws.cdn.hf.co port 443 after 20002 ms: Timeout was reached
curl: (28) Failed to connect to us.aws.cdn.hf.co port 443 after 20002 ms: Timeout was reached
curl: (28) Failed to connect to us.aws.cdn.hf.co port 443 after 20002 ms: Timeout was reached
curl: (28) Failed to connect to us.aws.cdn.hf.co port 443 after 20002 ms: Timeout was reached
curl: (28) Failed to connect to us.aws.cdn.hf.co port 443 after 20002 ms: Timeout was reached
curl: (28) Failed to connect to us.aws.cdn.hf.co port 443 after 20001 ms: Timeout was reached
curl: (28) Failed to connect to us.aws.cdn.hf.co port 443 after 20002 ms: Timeout was reached
curl: (28) Failed to connect to us.aws.cdn.hf.co port 443 after 20002 ms: Timeout was reached
curl: (28) Failed to connect to us.aws.cdn.hf.co port 443 after 20001 ms: Timeout was reached
curl: (28) Failed to connect to us.aws.cdn.hf.co port 443 after 20002 ms: Timeout was reached
curl: (28) Failed to connect to us.aws.cdn.hf.co port 443 after 20002 ms: Timeout was reached
curl: (28) Failed to connect to us.aws.cdn.hf.co port 443 after 20003 ms: Timeout was reached
curl: (28) Failed to connect to us.aws.cdn.hf.co port 443 after 20002 ms: Timeout was reached
curl: (28) Failed to connect to us.aws.cdn.hf.co port 443 after 20003 ms: Timeout was reached
curl: (28) Failed to connect to us.aws.cdn.hf.co port 443 after 20002 ms: Timeout was reached
curl: (28) Failed to connect to us.aws.cdn.hf.co port 443 after 20002 ms: Timeout was reached
curl: (28) Failed to connect to us.aws.cdn.hf.co port 443 after 20001 ms: Timeout was reached
curl: (28) Failed to connect to us.aws.cdn.hf.co port 443 after 20002 ms: Timeout was reached
curl: (28) Failed to connect to us.aws.cdn.hf.co port 443 after 20002 ms: Timeout was reached
curl: (28) Failed to connect to us.aws.cdn.hf.co port 443 after 20002 ms: Timeout was reached
curl: (28) Failed to connect to us.aws.cdn.hf.co port 443 after 20002 ms: Timeout was reached
curl: (28) Failed to connect to us.aws.cdn.hf.co port 443 after 20002 ms: Timeout was reached
curl: (28) Failed to connect to us.aws.cdn.hf.co port 443 after 20002 ms: Timeout was reached
curl: (28) Failed to connect to us.aws.cdn.hf.co port 443 after 20002 ms: Timeout was reached
curl: (28) Failed to connect to us.aws.cdn.hf.co port 443 after 20002 ms: Timeout was reached
curl: (28) Failed to connect to us.aws.cdn.hf.co port 443 after 20002 ms: Timeout was reached
curl: (28) Failed to connect to us.aws.cdn.hf.co port 443 after 20002 ms: Timeout was reached
curl: (28) Failed to connect to us.aws.cdn.hf.co port 443 after 20002 ms: Timeout was reached
curl: (28) Failed to connect to us.aws.cdn.hf.co port 443 after 20002 ms: Timeout was reached
curl: (28) Failed to connect to us.aws.cdn.hf.co port 443 after 20002 ms: Timeout was reached
curl: (28) Failed to connect to us.aws.cdn.hf.co port 443 after 20211 ms: Timeout was reached
curl: (28) Failed to connect to us.aws.cdn.hf.co port 443 after 20002 ms: Timeout was reached
curl: (28) Failed to connect to us.aws.cdn.hf.co port 443 after 20002 ms: Timeout was reached
curl: (28) Failed to connect to us.aws.cdn.hf.co port 443 after 20002 ms: Timeout was reached
curl: (28) Failed to connect to us.aws.cdn.hf.co port 443 after 20003 ms: Timeout was reached
curl: (28) Failed to connect to us.aws.cdn.hf.co port 443 after 20001 ms: Timeout was reached
curl: (28) Failed to connect to us.aws.cdn.hf.co port 443 after 20002 ms: Timeout was reached
curl: (28) Failed to connect to us.aws.cdn.hf.co port 443 after 20002 ms: Timeout was reached
curl: (28) Failed to connect to us.aws.cdn.hf.co port 443 after 20002 ms: Timeout was reached
curl: (28) Failed to connect to us.aws.cdn.hf.co port 443 after 20002 ms: Timeout was reached
curl: (28) Failed to connect to us.aws.cdn.hf.co port 443 after 20002 ms: Timeout was reached
curl: (28) Failed to connect to us.aws.cdn.hf.co port 443 after 20002 ms: Timeout was reached
curl: (28) Failed to connect to us.aws.cdn.hf.co port 443 after 20002 ms: Timeout was reached
curl: (28) Failed to connect to us.aws.cdn.hf.co port 443 after 20002 ms: Timeout was reached
curl: (28) Failed to connect to us.aws.cdn.hf.co port 443 after 20002 ms: Timeout was reached
curl: (28) Failed to connect to us.aws.cdn.hf.co port 443 after 20002 ms: Timeout was reached
curl: (28) Failed to connect to us.aws.cdn.hf.co port 443 after 20002 ms: Timeout was reached
curl: (28) Failed to connect to us.aws.cdn.hf.co port 443 after 20002 ms: Timeout was reached
curl: (28) Failed to connect to us.aws.cdn.hf.co port 443 after 20002 ms: Timeout was reached
curl: (28) Failed to connect to us.aws.cdn.hf.co port 443 after 20002 ms: Timeout was reached
curl: (28) Failed to connect to us.aws.cdn.hf.co port 443 after 20002 ms: Timeout was reached
curl: (28) Failed to connect to us.aws.cdn.hf.co port 443 after 20002 ms: Timeout was reached
curl: (28) Failed to connect to us.aws.cdn.hf.co port 443 after 20002 ms: Timeout was reached
curl: (28) Failed to connect to us.aws.cdn.hf.co port 443 after 20002 ms: Timeout was reached
curl: (28) Failed to connect to us.aws.cdn.hf.co port 443 after 20001 ms: Timeout was reached
curl: (28) Failed to connect to us.aws.cdn.hf.co port 443 after 20002 ms: Timeout was reached
curl: (28) Failed to connect to us.aws.cdn.hf.co port 443 after 20000 ms: Timeout was reached
curl: (28) Failed to connect to us.aws.cdn.hf.co port 443 after 20002 ms: Timeout was reached
curl: (28) Failed to connect to us.aws.cdn.hf.co port 443 after 20001 ms: Timeout was reached
curl: (28) Failed to connect to us.aws.cdn.hf.co port 443 after 20002 ms: Timeout was reached
curl: (28) Failed to connect to us.aws.cdn.hf.co port 443 after 20002 ms: Timeout was reached
curl: (28) Failed to connect to us.aws.cdn.hf.co port 443 after 20001 ms: Timeout was reached
curl: (28) Failed to connect to us.aws.cdn.hf.co port 443 after 20002 ms: Timeout was reached
curl: (28) Failed to connect to us.aws.cdn.hf.co port 443 after 20002 ms: Timeout was reached
curl: (28) Failed to connect to us.aws.cdn.hf.co port 443 after 20002 ms: Timeout was reached
curl: (28) Failed to connect to us.aws.cdn.hf.co port 443 after 20001 ms: Timeout was reached
curl: (28) Failed to connect to us.aws.cdn.hf.co port 443 after 20002 ms: Timeout was reached
curl: (28) Failed to connect to us.aws.cdn.hf.co port 443 after 20001 ms: Timeout was reached
curl: (28) Failed to connect to us.aws.cdn.hf.co port 443 after 20002 ms: Timeout was reached
curl: (28) Failed to connect to us.aws.cdn.hf.co port 443 after 20002 ms: Timeout was reached
curl: (28) Failed to connect to us.aws.cdn.hf.co port 443 after 20002 ms: Timeout was reached
curl: (28) Failed to connect to us.aws.cdn.hf.co port 443 after 20002 ms: Timeout was reached
skipped 38 logs the release published incomplete
release: 2610 logs, 82050 files
selected: 450 logs, 8553 files
  weather known for 450 of them
  adverse kept: 72

scenarios:
      56  ConstructionObstacleTwoWays
      48  CrossJunctionDefectTrafficLight
      47  AccidentTwoWays
      28  Accident
      28  ConstructionObstacle
      27  BlockedIntersection
      27  ControlLoss
      27  CrossingBicycleFlow
      27  DynamicObjectCrossing
      27  EnterActorFlow
      27  EnterActorFlowV2
      27  HardBreakRoute
      27  HazardAtSideLane
      27  HazardAtSideLaneTwoWays

towns:
     287  Town13
      95  Town12
      39  Town07
      17  Town04
       8  Town03
       4  Town11
7107 already present, 1446 to fetch
  queued 50/1446
  queued 100/1446
  queued 150/1446
  queued 200/1446
  queued 250/1446
  queued 300/1446
  queued 350/1446
  queued 400/1446
  queued 450/1446
  queued 500/1446
  queued 550/1446
  queued 600/1446
  queued 650/1446
  queued 700/1446
  queued 750/1446
  queued 800/1446
  queued 850/1446
  queued 900/1446
  queued 950/1446
  queued 1000/1446
  queued 1050/1446
  queued 1100/1446
  queued 1150/1446
  queued 1200/1446
  queued 1250/1446
  queued 1300/1446
  queued 1350/1446
  queued 1400/1446

done, 0 failures
