curl: (28) Failed to connect to us.aws.cdn.hf.co port 443 after 20002 ms: Timeout was reached
curl: (28) Failed to connect to us.aws.cdn.hf.co port 443 after 20002 ms: Timeout was reached
curl: (28) Failed to connect to us.aws.cdn.hf.co port 443 after 20002 ms: Timeout was reached
curl: (28) Failed to connect to us.aws.cdn.hf.co port 443 after 20002 ms: Timeout was reached
curl: (28) Failed to connect to us.aws.cdn.hf.co port 443 after 20002 ms: Timeout was reached
curl: (28) Failed to connect to us.aws.cdn.hf.co port 443 after 20002 ms: Timeout was reached
curl: (28) Failed to connect to us.aws.cdn.hf.co port 443 after 20002 ms: Timeout was reached
curl: (28) Failed to connect to us.aws.cdn.hf.co port 443 after 20002 ms: Timeout was reached
curl: (28) Failed to connect to us.aws.cdn.hf.co port 443 after 20002 ms: Timeout was reached
curl: (28) Failed to connect to us.aws.cdn.hf.co port 443 after 20003 ms: Timeout was reached
curl: (28) Failed to connect to us.aws.cdn.hf.co port 443 after 20002 ms: Timeout was reached
curl: (28) Failed to connect to us.aws.cdn.hf.co port 443 after 20002 ms: Timeout was reached
curl: (28) Failed to connect to us.aws.cdn.hf.co port 443 after 20002 ms: Timeout was reached
curl: (28) Failed to connect to us.aws.cdn.hf.co port 443 after 20002 ms: Timeout was reached
curl: (28) Failed to connect to us.aws.cdn.hf.co port 443 after 20002 ms: Timeout was reached
curl: (28) Failed to connect to us.aws.cdn.hf.co port 443 after 20002 ms: Timeout was reached
curl: (28) Failed to connect to us.aws.cdn.hf.co port 443 after 20002 ms: Timeout was reached
curl: (28) Failed to connect to us.aws.cdn.hf.co port 443 after 20002 ms: Timeout was reached
curl: (28) Failed to connect to us.aws.cdn.hf.co port 443 after 20002 ms: Timeout was reached
curl: (28) Failed to connect to us.aws.cdn.hf.co port 443 after 20002 ms: Timeout was reached
curl: (28) Failed to connect to us.aws.cdn.hf.co port 443 after 20002 ms: Timeout was reached
curl: (28) Failed to connect to us.aws.cdn.hf.co port 443 after 20002 ms: Timeout was reached
curl: (28) Failed to connect to us.aws.cdn.hf.co port 443 after 20002 ms: Timeout was reached
curl: (28) Failed to connect to us.aws.cdn.hf.co port 443 after 20002 ms: Timeout was reached
curl: (28) Failed to connect to us.aws.cdn.hf.co port 443 after 20002 ms: Timeout was reached
curl: (28) Failed to connect to us.aws.cdn.hf.co port 443 after 20002 ms: Timeout was reached
curl: (28) Failed to connect to us.aws.cdn.hf.co port 443 after 20002 ms: Timeout was reached
curl: (28) Failed to connect to us.aws.cdn.hf.co port 443 after 20002 ms: Timeout was reached
curl: (28) Failed to connect to us.aws.cdn.hf.co port 443 after 20002 ms: Timeout was reached
curl: (28) Failed to connect to us.aws.cdn.hf.co port 443 after 20002 ms: Timeout was reached
curl: (28) Failed to connect to us.aws.cdn.hf.co port 443 after 20002 ms: Timeout was reached
curl: (28) Failed to connect to us.aws.cdn.hf.co port 443 after 20001 ms: Timeout was reached
curl: (28) Failed to connect to us.aws.cdn.hf.co port 443 after 20002 ms: Timeout was reached
curl: (28) Failed to connect to us.aws.cdn.hf.co port 443 after 20002 ms: Timeout was reached
curl: (28) Failed to connect to us.aws.cdn.hf.co port 443 after 20002 ms: Timeout was reached
curl: (28) Failed to connect to us.aws.cdn.hf.co port 443 after 20002 ms: Timeout was reached
curl: (28) Failed to connect to us.aws.cdn.hf.co port 443 after 20002 ms: Timeout was reached
curl: (28) Failed to connect to us.aws.cdn.hf.co port 443 after 20003 ms: Timeout was reached
curl: (28) Failed to connect to us.aws.cdn.hf.co port 443 after 20002 ms: Timeout was reached
curl: (28) Failed to connect to us.aws.cdn.hf.co port 443 after 20002 ms: Timeout was reached
curl: (28) Failed to connect to us.aws.cdn.hf.co port 443 after 20001 ms: Timeout was reached
curl: (28) Failed to connect to us.aws.cdn.hf.co port 443 after 20001 ms: Timeout was reached
curl: (28) Failed to connect to us.aws.cdn.hf.co port 443 after 20002 ms: Timeout was reached
curl: (28) Failed to connect to us.aws.cdn.hf.co port 443 after 20002 ms: Timeout was reached
curl: (28) Failed to connect to us.aws.cdn.hf.co port 443 after 20002 ms: Timeout was reached
curl: (28) Failed to connect to us.aws.cdn.hf.co port 443 after 20002 ms: Timeout was reached
curl: (28) Failed to connect to us.aws.cdn.hf.co port 443 after 20002 ms: Timeout was reached
curl: (28) Failed to connect to us.aws.cdn.hf.co port 443 after 20002 ms: Timeout was reached
curl: (28) Failed to connect to us.aws.cdn.hf.co port 443 after 20002 ms: Timeout was reached
curl: (28) Failed to connect to us.aws.cdn.hf.co port 443 after 20002 ms: Timeout was reached
curl: (28) Failed to connect to us.aws.cdn.hf.co port 443 after 20002 ms: Timeout was reached
curl: (28) Failed to connect to us.aws.cdn.hf.co port 443 after 20003 ms: Timeout was reached
curl: (28) Failed to connect to us.aws.cdn.hf.co port 443 after 20002 ms: Timeout was reached
curl: (28) Failed to connect to us.aws.cdn.hf.co port 443 after 20002 ms: Timeout was reached
curl: (28) Failed to connect to us.aws.cdn.hf.co port 443 after 20002 ms: Timeout was reached
curl: (28) Failed to connect to us.aws.cdn.hf.co port 443 after 20002 ms: Timeout was reached
curl: (28) Failed to connect to us.aws.cdn.hf.co port 443 after 20002 ms: Timeout was reached
curl: (28) Failed to connect to us.aws.cdn.hf.co port 443 after 20002 ms: Timeout was reached
curl: (28) Failed to connect to us.aws.cdn.hf.co port 443 after 20002 ms: Timeout was reached
curl: (28) Failed to connect to us.aws.cdn.hf.co port 443 after 20002 ms: Timeout was reached
curl: (28) Failed to connect to us.aws.cdn.hf.co port 443 after 20001 ms: Timeout was reached
curl: (28) Failed to connect to us.aws.cdn.hf.co port 443 after 20002 ms: Timeout was reached
curl: (28) Failed to connect to us.aws.cdn.hf.co port 443 after 20002 ms: Timeout was reached
curl: (28) Failed to connect to us.aws.cdn.hf.co port 443 after 20002 ms: Timeout was reached
curl: (28) Failed to connect to us.aws.cdn.hf.co port 443 after 20002 ms: Timeout was reached
curl: (28) Failed to connect to us.aws.cdn.hf.co port 443 after 20002 ms: Timeout was reached
curl: (28) Failed to connect to us.aws.cdn.hf.co port 443 after 20002 ms: Timeout was reached
curl: (28) Failed to connect to us.aws.cdn.hf.co port 443 after 20002 ms: Timeout was reached
curl: (28) Failed to connect to us.aws.cdn.hf.co port 443 after 20002 ms: Timeout was reached
curl: (28) Failed to connect to us.aws.cdn.hf.co port 443 after 20002 ms: Timeout was reached
curl: (28) Failed to connect to us.aws.cdn.hf.co port 443 after 20002 ms: Timeout was reached
curl: (28) Failed to connect to us.aws.cdn.hf.co port 443 after 20002 ms: Timeout was reached
curl: (28) Failed to connect to us.aws.cdn.hf.co port 443 after 20002 ms: Timeout was reached
curl: (28) Failed to connect to us.aws.cdn.hf.co port 443 after 20002 ms: Timeout was reached
curl: (28) Failed to connect to us.aws.cdn.hf.co port 443 after 20002 ms: Timeout was reached
curl: (28) Failed to connect to us.aws.cdn.hf.co port 443 after 20003 ms: Timeout was reached
curl: (28) Failed to connect to us.aws.cdn.hf.co port 443 after 20002 ms: Timeout was reached
curl: (28) Failed to connect to us.aws.cdn.hf.co port 443 after 20002 ms: Timeout was reached
curl: (28) Failed to connect to us.aws.cdn.hf.co port 443 after 20002 ms: Timeout was reached
curl: (28) Failed to connect to us.aws.cdn.hf.co port 443 after 20003 ms: Timeout was reached
curl: (28) Failed to connect to us.aws.cdn.hf.co port 443 after 20002 ms: Timeout was reached
curl: (28) Failed to connect to us.aws.cdn.hf.co port 443 after 20002 ms: Timeout was reached
curl: (28) Failed to connect to us.aws.cdn.hf.co port 443 after 20002 ms: Timeout was reached
curl: (28) Failed to connect to us.aws.cdn.hf.co port 443 after 20002 ms: Timeout was reached
curl: (28) Failed to connect to us.aws.cdn.hf.co port 443 after 20002 ms: Timeout was reached
curl: (28) Failed to connect to us.aws.cdn.hf.co port 443 after 20002 ms: Timeout was reached
curl: (28) Failed to connect to us.aws.cdn.hf.co port 443 after 20002 ms: Timeout was reached
curl: (28) Failed to connect to us.aws.cdn.hf.co port 443 after 20002 ms: Timeout was reached
curl: (28) Failed to connect to us.aws.cdn.hf.co port 443 after 20002 ms: Timeout was reached
curl: (28) Failed to connect to us.aws.cdn.hf.co port 443 after 20003 ms: Timeout was reached
curl: (28) Failed to connect to us.aws.cdn.hf.co port 443 after 20002 ms: Timeout was reached
curl: (28) Failed to connect to us.aws.cdn.hf.co port 443 after 20002 ms: Timeout was reached
curl: (28) Failed to connect to us.aws.cdn.hf.co port 443 after 20002 ms: Timeout was reached
curl: (28) Failed to connect to us.aws.cdn.hf.co port 443 after 20002 ms: Timeout was reached
curl: (28) Failed to connect to us.aws.cdn.hf.co port 443 after 20002 ms: Timeout was reached
curl: (28) Failed to connect to us.aws.cdn.hf.co port 443 after 20002 ms: Timeout was reached
curl: (28) Failed to connect to us.aws.cdn.hf.co port 443 after 20002 ms: Timeout was reached
curl: (28) Failed to connect to us.aws.cdn.hf.co port 443 after 20002 ms: Timeout was reached
curl: (28) Failed to connect to us.aws.cdn.hf.co port 443 after 20002 ms: Timeout was reached
curl: (28) Failed to connect to us.aws.cdn.hf.co port 443 after 20002 ms: Timeout was reached
curl: (28) Failed to connect to us.aws.cdn.hf.co port 443 after 20002 ms: Timeout was reached
curl: (28) Failed to connect to us.aws.cdn.hf.co port 443 after 20002 ms: Timeout was reached
curl: (28) Failed to connect to us.aws.cdn.hf.co port 443 after 20002 ms: Timeout was reached
curl: (28) Failed to connect to us.aws.cdn.hf.co port 443 after 20002 ms: Timeout was reached
curl: (28) Failed to connect to us.aws.cdn.hf.co port 443 after 20002 ms: Timeout was reached
curl: (28) Failed to connect to us.aws.cdn.hf.co port 443 after 20002 ms: Timeout was reached
curl: (28) Failed to connect to us.aws.cdn.hf.co port 443 after 20002 ms: Timeout was reached
curl: (28) Failed to connect to us.aws.cdn.hf.co port 443 after 20002 ms: Timeout was reached
curl: (28) Failed to connect to us.aws.cdn.hf.co port 443 after 20002 ms: Timeout was reached
curl: (28) Failed to connect to us.aws.cdn.hf.co port 443 after 20002 ms: Timeout was reached
curl: (28) Failed to connect to us.aws.cdn.hf.co port 443 after 20002 ms: Timeout was reached
curl: (28) Failed to connect to us.aws.cdn.hf.co port 443 after 20002 ms: Timeout was reached
curl: (28) Failed to connect to us.aws.cdn.hf.co port 443 after 20002 ms: Timeout was reached
curl: (28) Failed to connect to us.aws.cdn.hf.co port 443 after 20002 ms: Timeout was reached
curl: (28) Failed to connect to us.aws.cdn.hf.co port 443 after 20002 ms: Timeout was reached
curl: (28) Failed to connect to us.aws.cdn.hf.co port 443 after 20002 ms: Timeout was reached
curl: (28) Failed to connect to us.aws.cdn.hf.co port 443 after 20002 ms: Timeout was reached
curl: (18) Transferred a partial file
curl: (7) Failed to connect to huggingface.co port 443 after 81 ms: Couldn't connect to server
curl: (18) Transferred a partial file
curl: (7) Failed to connect to us.aws.cdn.hf.co port 443 after 86 ms: Couldn't connect to server
curl: (7) Failed to connect to huggingface.co port 443 after 80 ms: Couldn't connect to server
curl: (28) Failed to connect to us.aws.cdn.hf.co port 443 after 20002 ms: Timeout was reached
curl: (7) Failed to connect to huggingface.co port 443 after 80 ms: Couldn't connect to server
curl: (7) Failed to connect to huggingface.co port 443 after 81 ms: Couldn't connect to server
curl: (7) Failed to connect to huggingface.co port 443 after 72 ms: Couldn't connect to server
curl: (7) Failed to connect to huggingface.co port 443 after 70 ms: Couldn't connect to server
curl: (7) Failed to connect to huggingface.co port 443 after 79 ms: Couldn't connect to server
curl: (28) Failed to connect to us.aws.cdn.hf.co port 443 after 20002 ms: Timeout was reached
curl: (28) Failed to connect to us.aws.cdn.hf.co port 443 after 20002 ms: Timeout was reached
curl: (28) Failed to connect to us.aws.cdn.hf.co port 443 after 20002 ms: Timeout was reached
curl: (28) Failed to connect to us.aws.cdn.hf.co port 443 after 20002 ms: Timeout was reached
curl: (28) Failed to connect to us.aws.cdn.hf.co port 443 after 20002 ms: Timeout was reached
curl: (28) Failed to connect to us.aws.cdn.hf.co port 443 after 20002 ms: Timeout was reached
curl: (28) Failed to connect to us.aws.cdn.hf.co port 443 after 20002 ms: Timeout was reached
curl: (28) Failed to connect to us.aws.cdn.hf.co port 443 after 20002 ms: Timeout was reached
curl: (28) Failed to connect to us.aws.cdn.hf.co port 443 after 20002 ms: Timeout was reached
curl: (28) Failed to connect to us.aws.cdn.hf.co port 443 after 20002 ms: Timeout was reached
curl: (28) Failed to connect to us.aws.cdn.hf.co port 443 after 20002 ms: Timeout was reached
curl: (28) Failed to connect to us.aws.cdn.hf.co port 443 after 20002 ms: Timeout was reached
curl: (28) Failed to connect to us.aws.cdn.hf.co port 443 after 20002 ms: Timeout was reached
curl: (28) Failed to connect to us.aws.cdn.hf.co port 443 after 20002 ms: Timeout was reached
curl: (28) Failed to connect to us.aws.cdn.hf.co port 443 after 20002 ms: Timeout was reached
curl: (28) Failed to connect to us.aws.cdn.hf.co port 443 after 20002 ms: Timeout was reached
curl: (28) Failed to connect to us.aws.cdn.hf.co port 443 after 20002 ms: Timeout was reached
curl: (28) Failed to connect to us.aws.cdn.hf.co port 443 after 20002 ms: Timeout was reached
curl: (28) Failed to connect to us.aws.cdn.hf.co port 443 after 20002 ms: Timeout was reached
curl: (28) Failed to connect to us.aws.cdn.hf.co port 443 after 20002 ms: Timeout was reached
curl: (28) Failed to connect to us.aws.cdn.hf.co port 443 after 20002 ms: Timeout was reached
curl: (28) Failed to connect to us.aws.cdn.hf.co port 443 after 20002 ms: Timeout was reached
curl: (28) Failed to connect to us.aws.cdn.hf.co port 443 after 20002 ms: Timeout was reached
curl: (28) Failed to connect to us.aws.cdn.hf.co port 443 after 20002 ms: Timeout was reached
curl: (28) Failed to connect to us.aws.cdn.hf.co port 443 after 20002 ms: Timeout was reached
curl: (28) Failed to connect to us.aws.cdn.hf.co port 443 after 20002 ms: Timeout was reached
curl: (28) Failed to connect to us.aws.cdn.hf.co port 443 after 20002 ms: Timeout was reached
curl: (28) Failed to connect to us.aws.cdn.hf.co port 443 after 20002 ms: Timeout was reached
curl: (28) Failed to connect to us.aws.cdn.hf.co port 443 after 20002 ms: Timeout was reached
curl: (28) Failed to connect to us.aws.cdn.hf.co port 443 after 20002 ms: Timeout was reached
curl: (28) Failed to connect to us.aws.cdn.hf.co port 443 after 20002 ms: Timeout was reached
curl: (28) Failed to connect to us.aws.cdn.hf.co port 443 after 20002 ms: Timeout was reached
curl: (28) Failed to connect to us.aws.cdn.hf.co port 443 after 20002 ms: Timeout was reached
curl: (28) Failed to connect to us.aws.cdn.hf.co port 443 after 20002 ms: Timeout was reached
curl: (28) Failed to connect to us.aws.cdn.hf.co port 443 after 20002 ms: Timeout was reached
curl: (28) Failed to connect to us.aws.cdn.hf.co port 443 after 20002 ms: Timeout was reached
curl: (28) Failed to connect to us.aws.cdn.hf.co port 443 after 20001 ms: Timeout was reached
curl: (28) Failed to connect to us.aws.cdn.hf.co port 443 after 20002 ms: Timeout was reached
curl: (28) Failed to connect to us.aws.cdn.hf.co port 443 after 20002 ms: Timeout was reached
curl: (28) Failed to connect to us.aws.cdn.hf.co port 443 after 20002 ms: Timeout was reached
curl: (28) Failed to connect to us.aws.cdn.hf.co port 443 after 20002 ms: Timeout was reached
curl: (28) Failed to connect to us.aws.cdn.hf.co port 443 after 20002 ms: Timeout was reached
curl: (28) Failed to connect to us.aws.cdn.hf.co port 443 after 20002 ms: Timeout was reached
curl: (28) Failed to connect to us.aws.cdn.hf.co port 443 after 20002 ms: Timeout was reached
curl: (28) Failed to connect to us.aws.cdn.hf.co port 443 after 20002 ms: Timeout was reached
curl: (28) Failed to connect to us.aws.cdn.hf.co port 443 after 20002 ms: Timeout was reached
curl: (28) Failed to connect to us.aws.cdn.hf.co port 443 after 20002 ms: Timeout was reached
curl: (28) Failed to connect to us.aws.cdn.hf.co port 443 after 20002 ms: Timeout was reached
curl: (28) Failed to connect to us.aws.cdn.hf.co port 443 after 20002 ms: Timeout was reached
curl: (28) Failed to connect to us.aws.cdn.hf.co port 443 after 20002 ms: Timeout was reached
curl: (28) Failed to connect to us.aws.cdn.hf.co port 443 after 20002 ms: Timeout was reached
curl: (28) Failed to connect to us.aws.cdn.hf.co port 443 after 20003 ms: Timeout was reached
curl: (28) Failed to connect to us.aws.cdn.hf.co port 443 after 20002 ms: Timeout was reached
curl: (28) Failed to connect to us.aws.cdn.hf.co port 443 after 20002 ms: Timeout was reached
curl: (28) Failed to connect to us.aws.cdn.hf.co port 443 after 20002 ms: Timeout was reached
curl: (28) Failed to connect to us.aws.cdn.hf.co port 443 after 20001 ms: Timeout was reached
curl: (28) Failed to connect to us.aws.cdn.hf.co port 443 after 20003 ms: Timeout was reached
curl: (28) Failed to connect to us.aws.cdn.hf.co port 443 after 20002 ms: Timeout was reached
curl: (28) Failed to connect to us.aws.cdn.hf.co port 443 after 20002 ms: Timeout was reached
curl: (28) Failed to connect to us.aws.cdn.hf.co port 443 after 20002 ms: Timeout was reached
curl: (28) Failed to connect to us.aws.cdn.hf.co port 443 after 20001 ms: Timeout was reached
curl: (28) Failed to connect to us.aws.cdn.hf.co port 443 after 20002 ms: Timeout was reached
curl: (28) Failed to connect to us.aws.cdn.hf.co port 443 after 20003 ms: Timeout was reached
curl: (28) Failed to connect to us.aws.cdn.hf.co port 443 after 20002 ms: Timeout was reached
curl: (28) Failed to connect to us.aws.cdn.hf.co port 443 after 20002 ms: Timeout was reached
curl: (28) Failed to connect to us.aws.cdn.hf.co port 443 after 20002 ms: Timeout was reached
curl: (28) Failed to connect to us.aws.cdn.hf.co port 443 after 20002 ms: Timeout was reached
curl: (28) Failed to connect to us.aws.cdn.hf.co port 443 after 20002 ms: Timeout was reached
curl: (28) Failed to connect to us.aws.cdn.hf.co port 443 after 20002 ms: Timeout was reached
curl: (28) Failed to connect to us.aws.cdn.hf.co port 443 after 20000 ms: Timeout was reached
curl: (28) Failed to connect to us.aws.cdn.hf.co port 443 after 20001 ms: Timeout was reached
curl: (28) Failed to connect to us.aws.cdn.hf.co port 443 after 20002 ms: Timeout was reached
curl: (28) Failed to connect to us.aws.cdn.hf.co port 443 after 20002 ms: Timeout was reached
curl: (28) Failed to connect to us.aws.cdn.hf.co port 443 after 20002 ms: Timeout was reached
curl: (28) Failed to connect to us.aws.cdn.hf.co port 443 after 20002 ms: Timeout was reached
curl: (28) Failed to connect to us.aws.cdn.hf.co port 443 after 20002 ms: Timeout was reached
curl: (28) Failed to connect to us.aws.cdn.hf.co port 443 after 20002 ms: Timeout was reached
curl: (28) Failed to connect to us.aws.cdn.hf.co port 443 after 20003 ms: Timeout was reached
curl: (28) Failed to connect to us.aws.cdn.hf.co port 443 after 20002 ms: Timeout was reached
curl: (28) Failed to connect to us.aws.cdn.hf.co port 443 after 20002 ms: Timeout was reached
curl: (28) Failed to connect to us.aws.cdn.hf.co port 443 after 20002 ms: Timeout was reached
curl: (28) Failed to connect to us.aws.cdn.hf.co port 443 after 20002 ms: Timeout was reached
curl: (28) Failed to connect to us.aws.cdn.hf.co port 443 after 20002 ms: Timeout was reached
curl: (28) Failed to connect to us.aws.cdn.hf.co port 443 after 20002 ms: Timeout was reached
curl: (28) Failed to connect to us.aws.cdn.hf.co port 443 after 20002 ms: Timeout was reached
curl: (28) Failed to connect to us.aws.cdn.hf.co port 443 after 20002 ms: Timeout was reached
curl: (28) Failed to connect to us.aws.cdn.hf.co port 443 after 20002 ms: Timeout was reached
curl: (28) Failed to connect to us.aws.cdn.hf.co port 443 after 20002 ms: Timeout was reached
curl: (28) Failed to connect to us.aws.cdn.hf.co port 443 after 20002 ms: Timeout was reached
curl: (28) Failed to connect to us.aws.cdn.hf.co port 443 after 20002 ms: Timeout was reached
curl: (28) Failed to connect to us.aws.cdn.hf.co port 443 after 20002 ms: Timeout was reached
curl: (28) Failed to connect to us.aws.cdn.hf.co port 443 after 20002 ms: Timeout was reached
curl: (28) Failed to connect to us.aws.cdn.hf.co port 443 after 20002 ms: Timeout was reached
curl: (28) Failed to connect to us.aws.cdn.hf.co port 443 after 20002 ms: Timeout was reached
curl: (28) Failed to connect to us.aws.cdn.hf.co port 443 after 20002 ms: Timeout was reached
curl: (28) Failed to connect to us.aws.cdn.hf.co port 443 after 20002 ms: Timeout was reached
curl: (28) Failed to connect to us.aws.cdn.hf.co port 443 after 20002 ms: Timeout was reached
curl: (28) Failed to connect to us.aws.cdn.hf.co port 443 after 20003 ms: Timeout was reached
curl: (28) Failed to connect to us.aws.cdn.hf.co port 443 after 20002 ms: Timeout was reached
curl: (28) Failed to connect to us.aws.cdn.hf.co port 443 after 20002 ms: Timeout was reached
curl: (28) Failed to connect to us.aws.cdn.hf.co port 443 after 20002 ms: Timeout was reached
curl: (28) Failed to connect to us.aws.cdn.hf.co port 443 after 20002 ms: Timeout was reached
curl: (28) Failed to connect to us.aws.cdn.hf.co port 443 after 20002 ms: Timeout was reached
curl: (28) Failed to connect to us.aws.cdn.hf.co port 443 after 20002 ms: Timeout was reached
curl: (28) Failed to connect to us.aws.cdn.hf.co port 443 after 20002 ms: Timeout was reached
curl: (28) Failed to connect to us.aws.cdn.hf.co port 443 after 20002 ms: Timeout was reached
curl: (28) Failed to connect to us.aws.cdn.hf.co port 443 after 20002 ms: Timeout was reached
curl: (28) Failed to connect to us.aws.cdn.hf.co port 443 after 20002 ms: Timeout was reached
curl: (28) Failed to connect to us.aws.cdn.hf.co port 443 after 20002 ms: Timeout was reached
curl: (28) Failed to connect to us.aws.cdn.hf.co port 443 after 20001 ms: Timeout was reached
curl: (28) Failed to connect to us.aws.cdn.hf.co port 443 after 20002 ms: Timeout was reached
curl: (28) Failed to connect to us.aws.cdn.hf.co port 443 after 20002 ms: Timeout was reached
curl: (28) Failed to connect to us.aws.cdn.hf.co port 443 after 20002 ms: Timeout was reached
curl: (28) Failed to connect to us.aws.cdn.hf.co port 443 after 20002 ms: Timeout was reached
curl: (28) Failed to connect to us.aws.cdn.hf.co port 443 after 20002 ms: Timeout was reached
curl: (28) Failed to connect to us.aws.cdn.hf.co port 443 after 20002 ms: Timeout was reached
curl: (28) Failed to connect to us.aws.cdn.hf.co port 443 after 20002 ms: Timeout was reached
curl: (28) Failed to connect to us.aws.cdn.hf.co port 443 after 20003 ms: Timeout was reached
curl: (28) Failed to connect to us.aws.cdn.hf.co port 443 after 20001 ms: Timeout was reached
curl: (28) Failed to connect to us.aws.cdn.hf.co port 443 after 20002 ms: Timeout was reached
curl: (28) Failed to connect to us.aws.cdn.hf.co port 443 after 20002 ms: Timeout was reached
curl: (28) Failed to connect to us.aws.cdn.hf.co port 443 after 20002 ms: Timeout was reached
curl: (28) Failed to connect to us.aws.cdn.hf.co port 443 after 20002 ms: Timeout was reached
curl: (28) Failed to connect to us.aws.cdn.hf.co port 443 after 20002 ms: Timeout was reached
curl: (28) Failed to connect to us.aws.cdn.hf.co port 443 after 20002 ms: Timeout was reached
curl: (28) Failed to connect to us.aws.cdn.hf.co port 443 after 20002 ms: Timeout was reached
curl: (28) Failed to connect to us.aws.cdn.hf.co port 443 after 20001 ms: Timeout was reached
curl: (28) Failed to connect to us.aws.cdn.hf.co port 443 after 20002 ms: Timeout was reached
curl: (28) Failed to connect to us.aws.cdn.hf.co port 443 after 20002 ms: Timeout was reached
curl: (28) Failed to connect to us.aws.cdn.hf.co port 443 after 20002 ms: Timeout was reached
curl: (28) Failed to connect to us.aws.cdn.hf.co port 443 after 20002 ms: Timeout was reached
curl: (28) Failed to connect to us.aws.cdn.hf.co port 443 after 20001 ms: Timeout was reached
curl: (28) Failed to connect to us.aws.cdn.hf.co port 443 after 20002 ms: Timeout was reached
curl: (28) Failed to connect to us.aws.cdn.hf.co port 443 after 20002 ms: Timeout was reached
curl: (28) Failed to connect to us.aws.cdn.hf.co port 443 after 20002 ms: Timeout was reached
curl: (28) Failed to connect to us.aws.cdn.hf.co port 443 after 20002 ms: Timeout was reached
curl: (28) Failed to connect to us.aws.cdn.hf.co port 443 after 20002 ms: Timeout was reached
curl: (28) Failed to connect to us.aws.cdn.hf.co port 443 after 20002 ms: Timeout was reached
curl: (28) Failed to connect to us.aws.cdn.hf.co port 443 after 20002 ms: Timeout was reached
curl: (28) Failed to connect to us.aws.cdn.hf.co port 443 after 20002 ms: Timeout was reached
curl: (28) Failed to connect to us.aws.cdn.hf.co port 443 after 20002 ms: Timeout was reached
curl: (28) Failed to connect to us.aws.cdn.hf.co port 443 after 20003 ms: Timeout was reached
curl: (28) Failed to connect to us.aws.cdn.hf.co port 443 after 20003 ms: Timeout was reached
curl: (28) Failed to connect to us.aws.cdn.hf.co port 443 after 20002 ms: Timeout was reached
curl: (28) Failed to connect to us.aws.cdn.hf.co port 443 after 20002 ms: Timeout was reached
curl: (28) Failed to connect to us.aws.cdn.hf.co port 443 after 20002 ms: Timeout was reached
curl: (28) Failed to connect to us.aws.cdn.hf.co port 443 after 20002 ms: Timeout was reached
curl: (28) Failed to connect to us.aws.cdn.hf.co port 443 after 20002 ms: Timeout was reached
curl: (28) Failed to connect to us.aws.cdn.hf.co port 443 after 20002 ms: Timeout was reached
curl: (28) Failed to connect to us.aws.cdn.hf.co port 443 after 20002 ms: Timeout was reached
curl: (28) Failed to connect to us.aws.cdn.hf.co port 443 after 20002 ms: Timeout was reached
curl: (28) Failed to connect to us.aws.cdn.hf.co port 443 after 20002 ms: Timeout was reached
curl: (28) Failed to connect to us.aws.cdn.hf.co port 443 after 20001 ms: Timeout was reached
curl: (28) Failed to connect to us.aws.cdn.hf.co port 443 after 20002 ms: Timeout was reached
curl: (28) Failed to connect to us.aws.cdn.hf.co port 443 after 20001 ms: Timeout was reached
curl: (28) Failed to connect to us.aws.cdn.hf.co port 443 after 20002 ms: Timeout was reached
curl: (28) Failed to connect to us.aws.cdn.hf.co port 443 after 20002 ms: Timeout was reached
curl: (28) Failed to connect to us.aws.cdn.hf.co port 443 after 20002 ms: Timeout was reached
curl: (28) Failed to connect to us.aws.cdn.hf.co port 443 after 20002 ms: Timeout was reached
curl: (28) Failed to connect to us.aws.cdn.hf.co port 443 after 20002 ms: Timeout was reached
curl: (28) Failed to connect to us.aws.cdn.hf.co port 443 after 20002 ms: Timeout was reached
curl: (28) Failed to connect to us.aws.cdn.hf.co port 443 after 20001 ms: Timeout was reached
curl: (28) Failed to connect to us.aws.cdn.hf.co port 443 after 20002 ms: Timeout was reached
curl: (28) Failed to connect to us.aws.cdn.hf.co port 443 after 20002 ms: Timeout was reached
curl: (28) Failed to connect to us.aws.cdn.hf.co port 443 after 20002 ms: Timeout was reached
curl: (28) Failed to connect to us.aws.cdn.hf.co port 443 after 20002 ms: Timeout was reached
curl: (28) Failed to connect to us.aws.cdn.hf.co port 443 after 20003 ms: Timeout was reached
curl: (28) Failed to connect to us.aws.cdn.hf.co port 443 after 20002 ms: Timeout was reached
curl: (28) Failed to connect to us.aws.cdn.hf.co port 443 after 20002 ms: Timeout was reached
curl: (28) Failed to connect to us.aws.cdn.hf.co port 443 after 20002 ms: Timeout was reached
curl: (28) Failed to connect to us.aws.cdn.hf.co port 443 after 20002 ms: Timeout was reached
curl: (28) Failed to connect to us.aws.cdn.hf.co port 443 after 20002 ms: Timeout was reached
curl: (28) Failed to connect to us.aws.cdn.hf.co port 443 after 20002 ms: Timeout was reached
curl: (28) Failed to connect to us.aws.cdn.hf.co port 443 after 20002 ms: Timeout was reached
curl: (28) Failed to connect to us.aws.cdn.hf.co port 443 after 20002 ms: Timeout was reached
curl: (28) Failed to connect to us.aws.cdn.hf.co port 443 after 20002 ms: Timeout was reached
curl: (28) Failed to connect to us.aws.cdn.hf.co port 443 after 20002 ms: Timeout was reached
curl: (28) Failed to connect to us.aws.cdn.hf.co port 443 after 20002 ms: Timeout was reached
curl: (28) Failed to connect to us.aws.cdn.hf.co port 443 after 20002 ms: Timeout was reached
curl: (28) Failed to connect to us.aws.cdn.hf.co port 443 after 20002 ms: Timeout was reached
curl: (28) Failed to connect to us.aws.cdn.hf.co port 443 after 20002 ms: Timeout was reached
curl: (28) Failed to connect to us.aws.cdn.hf.co port 443 after 20002 ms: Timeout was reached
curl: (28) Failed to connect to us.aws.cdn.hf.co port 443 after 20002 ms: Timeout was reached
curl: (28) Failed to connect to us.aws.cdn.hf.co port 443 after 20002 ms: Timeout was reached
curl: (28) Failed to connect to us.aws.cdn.hf.co port 443 after 20002 ms: Timeout was reached
curl: (28) Failed to connect to us.aws.cdn.hf.co port 443 after 20001 ms: Timeout was reached
curl: (28) Failed to connect to us.aws.cdn.hf.co port 443 after 20002 ms: Timeout was reached
curl: (28) Failed to connect to us.aws.cdn.hf.co port 443 after 20002 ms: Timeout was reached
curl: (28) Failed to connect to us.aws.cdn.hf.co port 443 after 20002 ms: Timeout was reached
curl: (28) Failed to connect to us.aws.cdn.hf.co port 443 after 20001 ms: Timeout was reached
curl: (28) Failed to connect to us.aws.cdn.hf.co port 443 after 20002 ms: Timeout was reached
curl: (28) Failed to connect to us.aws.cdn.hf.co port 443 after 20002 ms: Timeout was reached
curl: (28) Failed to connect to us.aws.cdn.hf.co port 443 after 20002 ms: Timeout was reached
curl: (28) Failed to connect to us.aws.cdn.hf.co port 443 after 20003 ms: Timeout was reached
curl: (28) Failed to connect to us.aws.cdn.hf.co port 443 after 20002 ms: Timeout was reached
curl: (28) Failed to connect to us.aws.cdn.hf.co port 443 after 20002 ms: Timeout was reached
curl: (28) Failed to connect to us.aws.cdn.hf.co port 443 after 20002 ms: Timeout was reached
curl: (28) Failed to connect to us.aws.cdn.hf.co port 443 after 20002 ms: Timeout was reached
curl: (28) Failed to connect to us.aws.cdn.hf.co port 443 after 20002 ms: Timeout was reached
curl: (28) Failed to connect to us.aws.cdn.hf.co port 443 after 20001 ms: Timeout was reached
curl: (28) Failed to connect to us.aws.cdn.hf.co port 443 after 20002 ms: Timeout was reached
curl: (28) Failed to connect to us.aws.cdn.hf.co port 443 after 20002 ms: Timeout was reached
curl: (28) Failed to connect to us.aws.cdn.hf.co port 443 after 20002 ms: Timeout was reached
curl: (28) Failed to connect to us.aws.cdn.hf.co port 443 after 20002 ms: Timeout was reached
curl: (28) Failed to connect to us.aws.cdn.hf.co port 443 after 20002 ms: Timeout was reached
curl: (28) Failed to connect to us.aws.cdn.hf.co port 443 after 20002 ms: Timeout was reached
curl: (28) Failed to connect to us.aws.cdn.hf.co port 443 after 20002 ms: Timeout was reached
curl: (28) Failed to connect to us.aws.cdn.hf.co port 443 after 20002 ms: Timeout was reached
curl: (28) Failed to connect to us.aws.cdn.hf.co port 443 after 20002 ms: Timeout was reached
curl: (28) Failed to connect to us.aws.cdn.hf.co port 443 after 20001 ms: Timeout was reached
curl: (28) Failed to connect to us.aws.cdn.hf.co port 443 after 20002 ms: Timeout was reached
curl: (28) Failed to connect to us.aws.cdn.hf.co port 443 after 20002 ms: Timeout was reached
curl: (28) Failed to connect to us.aws.cdn.hf.co port 443 after 20002 ms: Timeout was reached
curl: (28) Failed to connect to us.aws.cdn.hf.co port 443 after 20002 ms: Timeout was reached
curl: (28) Failed to connect to us.aws.cdn.hf.co port 443 after 20002 ms: Timeout was reached
curl: (28) Failed to connect to us.aws.cdn.hf.co port 443 after 20002 ms: Timeout was reached
curl: (28) Failed to connect to us.aws.cdn.hf.co port 443 after 20002 ms: Timeout was reached
curl: (28) Failed to connect to us.aws.cdn.hf.co port 443 after 20002 ms: Timeout was reached
curl: (28) Failed to connect to us.aws.cdn.hf.co port 443 after 20003 ms: Timeout was reached
curl: (28) Failed to connect to us.aws.cdn.hf.co port 443 after 20002 ms: Timeout was reached
curl: (28) Failed to connect to us.aws.cdn.hf.co port 443 after 20002 ms: Timeout was reached
curl: (28) Failed to connect to us.aws.cdn.hf.co port 443 after 20002 ms: Timeout was reached
curl: (28) Failed to connect to us.aws.cdn.hf.co port 443 after 20002 ms: Timeout was reached
curl: (28) Failed to connect to us.aws.cdn.hf.co port 443 after 20002 ms: Timeout was reached
curl: (28) Failed to connect to us.aws.cdn.hf.co port 443 after 20003 ms: Timeout was reached
curl: (28) Failed to connect to us.aws.cdn.hf.co port 443 after 20001 ms: Timeout was reached
curl: (28) Failed to connect to us.aws.cdn.hf.co port 443 after 20002 ms: Timeout was reached
curl: (56) Failure when receiving data from the peer
curl: (7) Failed to connect to huggingface.co port 443 after 76 ms: Couldn't connect to server
curl: (18) Transferred a partial file
curl: (7) Failed to connect to us.aws.cdn.hf.co port 443 after 80 ms: Couldn't connect to server
curl: (7) Failed to connect to huggingface.co port 443 after 79 ms: Couldn't connect to server
curl: (7) Failed to connect to us.aws.cdn.hf.co port 443 after 73 ms: Couldn't connect to server
curl: (7) Failed to connect to huggingface.co port 443 after 79 ms: Couldn't connect to server
curl: (7) Failed to connect to huggingface.co port 443 after 79 ms: Couldn't connect to server
curl: (7) Failed to connect to huggingface.co port 443 after 72 ms: Couldn't connect to server
curl: (7) Failed to connect to huggingface.co port 443 after 81 ms: Couldn't connect to server
curl: (7) Failed to connect to huggingface.co port 443 after 72 ms: Couldn't connect to server
curl: (7) Failed to connect to huggingface.co port 443 after 80 ms: Couldn't connect to server
curl: (7) Failed to connect to huggingface.co port 443 after 78 ms: Couldn't connect to server
curl: (7) Failed to connect to us.aws.cdn.hf.co port 443 after 82 ms: Couldn't connect to server
curl: (7) Failed to connect to huggingface.co port 443 after 71 ms: Couldn't connect to server
curl: (28) Failed to connect to us.aws.cdn.hf.co port 443 after 20002 ms: Timeout was reached
curl: (28) Failed to connect to us.aws.cdn.hf.co port 443 after 20001 ms: Timeout was reached
curl: (28) Failed to connect to us.aws.cdn.hf.co port 443 after 20002 ms: Timeout was reached
curl: (28) Failed to connect to us.aws.cdn.hf.co port 443 after 20001 ms: Timeout was reached
curl: (28) Failed to connect to us.aws.cdn.hf.co port 443 after 20002 ms: Timeout was reached
curl: (28) Failed to connect to us.aws.cdn.hf.co port 443 after 20002 ms: Timeout was reached
curl: (28) Failed to connect to us.aws.cdn.hf.co port 443 after 20002 ms: Timeout was reached
curl: (28) Failed to connect to us.aws.cdn.hf.co port 443 after 20003 ms: Timeout was reached
curl: (28) Failed to connect to us.aws.cdn.hf.co port 443 after 20002 ms: Timeout was reached
curl: (28) Failed to connect to us.aws.cdn.hf.co port 443 after 20002 ms: Timeout was reached
curl: (28) Failed to connect to us.aws.cdn.hf.co port 443 after 20002 ms: Timeout was reached
curl: (28) Failed to connect to us.aws.cdn.hf.co port 443 after 20002 ms: Timeout was reached
curl: (28) Failed to connect to us.aws.cdn.hf.co port 443 after 20003 ms: Timeout was reached
curl: (28) Failed to connect to us.aws.cdn.hf.co port 443 after 20002 ms: Timeout was reached
curl: (28) Failed to connect to us.aws.cdn.hf.co port 443 after 20002 ms: Timeout was reached
curl: (28) Failed to connect to us.aws.cdn.hf.co port 443 after 20002 ms: Timeout was reached
curl: (28) Failed to connect to us.aws.cdn.hf.co port 443 after 20002 ms: Timeout was reached
curl: (28) Failed to connect to us.aws.cdn.hf.co port 443 after 20002 ms: Timeout was reached
curl: (28) Failed to connect to us.aws.cdn.hf.co port 443 after 20001 ms: Timeout was reached
curl: (28) Failed to connect to us.aws.cdn.hf.co port 443 after 20002 ms: Timeout was reached
curl: (28) Failed to connect to us.aws.cdn.hf.co port 443 after 20002 ms: Timeout was reached
curl: (28) Failed to connect to us.aws.cdn.hf.co port 443 after 20002 ms: Timeout was reached
curl: (28) Failed to connect to us.aws.cdn.hf.co port 443 after 20002 ms: Timeout was reached
curl: (28) Failed to connect to us.aws.cdn.hf.co port 443 after 20002 ms: Timeout was reached
curl: (28) Failed to connect to us.aws.cdn.hf.co port 443 after 20002 ms: Timeout was reached
curl: (28) Failed to connect to us.aws.cdn.hf.co port 443 after 20002 ms: Timeout was reached
curl: (28) Failed to connect to us.aws.cdn.hf.co port 443 after 20002 ms: Timeout was reached
curl: (28) Failed to connect to us.aws.cdn.hf.co port 443 after 20002 ms: Timeout was reached
curl: (28) Failed to connect to us.aws.cdn.hf.co port 443 after 20003 ms: Timeout was reached
curl: (28) Failed to connect to us.aws.cdn.hf.co port 443 after 20002 ms: Timeout was reached
curl: (28) Failed to connect to us.aws.cdn.hf.co port 443 after 20002 ms: Timeout was reached
curl: (28) Failed to connect to us.aws.cdn.hf.co port 443 after 20002 ms: Timeout was reached
curl: (28) Failed to connect to us.aws.cdn.hf.co port 443 after 20002 ms: Timeout was reached
curl: (28) Failed to connect to us.aws.cdn.hf.co port 443 after 20002 ms: Timeout was reached
curl: (28) Failed to connect to us.aws.cdn.hf.co port 443 after 20002 ms: Timeout was reached
curl: (28) Failed to connect to us.aws.cdn.hf.co port 443 after 20002 ms: Timeout was reached
curl: (28) Failed to connect to us.aws.cdn.hf.co port 443 after 20002 ms: Timeout was reached
curl: (28) Failed to connect to us.aws.cdn.hf.co port 443 after 20002 ms: Timeout was reached
curl: (28) Failed to connect to us.aws.cdn.hf.co port 443 after 20002 ms: Timeout was reached
curl: (28) Failed to connect to us.aws.cdn.hf.co port 443 after 20002 ms: Timeout was reached
curl: (28) Failed to connect to us.aws.cdn.hf.co port 443 after 20002 ms: Timeout was reached
curl: (28) Failed to connect to us.aws.cdn.hf.co port 443 after 20002 ms: Timeout was reached
curl: (28) Failed to connect to us.aws.cdn.hf.co port 443 after 20002 ms: Timeout was reached
curl: (28) Failed to connect to us.aws.cdn.hf.co port 443 after 20002 ms: Timeout was reached
curl: (28) Failed to connect to us.aws.cdn.hf.co port 443 after 20002 ms: Timeout was reached
curl: (28) Failed to connect to us.aws.cdn.hf.co port 443 after 20002 ms: Timeout was reached
curl: (28) Failed to connect to us.aws.cdn.hf.co port 443 after 20002 ms: Timeout was reached
curl: (28) Failed to connect to us.aws.cdn.hf.co port 443 after 20002 ms: Timeout was reached
curl: (28) Failed to connect to us.aws.cdn.hf.co port 443 after 20002 ms: Timeout was reached
curl: (28) Failed to connect to us.aws.cdn.hf.co port 443 after 20002 ms: Timeout was reached
curl: (28) Failed to connect to us.aws.cdn.hf.co port 443 after 20002 ms: Timeout was reached
curl: (28) Failed to connect to us.aws.cdn.hf.co port 443 after 20002 ms: Timeout was reached
curl: (28) Failed to connect to us.aws.cdn.hf.co port 443 after 20002 ms: Timeout was reached
release: 2648 logs, 82050 files
selected: 450 logs, 7194 files
  weather known for 450 of them
  adverse kept: 72

scenarios:
      56  ConstructionObstacleTwoWays
      48  CrossJunctionDefectTrafficLight
      47  AccidentTwoWays
      28  Accident
      28  ConstructionObstacle
      27  BlockedIntersection
      27  ControlLoss
      27  CrossingBicycleFlow
      27  DynamicObjectCrossing
      27  EnterActorFlow
      27  EnterActorFlowV2
      27  HardBreakRoute
      27  HazardAtSideLane
      27  HazardAtSideLaneTwoWays

towns:
     288  Town13
      97  Town12
      39  Town07
      17  Town04
       5  Town03
       4  Town11
259 already present, 6935 to fetch
  queued 50/6935
  queued 100/6935
  queued 150/6935
  queued 200/6935
  queued 250/6935
  queued 300/6935
  queued 350/6935
  queued 400/6935
  queued 450/6935
  queued 500/6935
  queued 550/6935
  queued 600/6935
  queued 650/6935
  queued 700/6935
  queued 750/6935
  queued 800/6935
  queued 850/6935
  queued 900/6935
  queued 950/6935
  queued 1000/6935
  queued 1050/6935
  queued 1100/6935
  queued 1150/6935
  queued 1200/6935
  queued 1250/6935
  queued 1300/6935
  queued 1350/6935
  queued 1400/6935
  queued 1450/6935
  queued 1500/6935
  queued 1550/6935
  queued 1600/6935
  queued 1650/6935
  queued 1700/6935
  queued 1750/6935
  queued 1800/6935
  queued 1850/6935
  queued 1900/6935
  queued 1950/6935
  queued 2000/6935
  queued 2050/6935
  queued 2100/6935
  queued 2150/6935
  queued 2200/6935
  queued 2250/6935
  queued 2300/6935
  queued 2350/6935
  queued 2400/6935
  queued 2450/6935
  queued 2500/6935
  queued 2550/6935
  queued 2600/6935
  queued 2650/6935
  queued 2700/6935
  queued 2750/6935
  queued 2800/6935
  queued 2850/6935
  queued 2900/6935
  queued 2950/6935
  queued 3000/6935
  queued 3050/6935
  queued 3100/6935
  queued 3150/6935
  queued 3200/6935
  queued 3250/6935
  queued 3300/6935
  queued 3350/6935
  queued 3400/6935
  queued 3450/6935
  queued 3500/6935
  queued 3550/6935
  queued 3600/6935
  queued 3650/6935
  queued 3700/6935
  queued 3750/6935
  queued 3800/6935
  queued 3850/6935
  queued 3900/6935
  queued 3950/6935
  queued 4000/6935
  queued 4050/6935
  queued 4100/6935
  queued 4150/6935
  queued 4200/6935
  queued 4250/6935
  queued 4300/6935
  queued 4350/6935
  queued 4400/6935
  queued 4450/6935
  queued 4500/6935
  queued 4550/6935
  queued 4600/6935
  queued 4650/6935
  queued 4700/6935
  queued 4750/6935
  queued 4800/6935
  queued 4850/6935
  queued 4900/6935
  queued 4950/6935
  queued 5000/6935
  queued 5050/6935
  queued 5100/6935
  queued 5150/6935
  queued 5200/6935
  queued 5250/6935
  queued 5300/6935
  queued 5350/6935
  queued 5400/6935
  queued 5450/6935
  queued 5500/6935
  queued 5550/6935
  queued 5600/6935
  queued 5650/6935
  queued 5700/6935
  queued 5750/6935
  queued 5800/6935
  queued 5850/6935
  queued 5900/6935
  queued 5950/6935
  queued 6000/6935
  queued 6050/6935
  queued 6100/6935
  queued 6150/6935
  queued 6200/6935
  queued 6250/6935
  queued 6300/6935
  queued 6350/6935
  queued 6400/6935
  queued 6450/6935
  queued 6500/6935
  queued 6550/6935
  queued 6600/6935
  queued 6650/6935
  queued 6700/6935
  queued 6750/6935
  queued 6800/6935
  queued 6850/6935
  queued 6900/6935

done, 0 failures
