+ source /home/razzaghi/miniconda3/etc/profile.d/conda.sh
++ export CONDA_EXE=/home/razzaghi/miniconda3/bin/conda
++ CONDA_EXE=/home/razzaghi/miniconda3/bin/conda
++ export _CONDA_EXE=/home/razzaghi/miniconda3/bin/conda
++ _CONDA_EXE=/home/razzaghi/miniconda3/bin/conda
++ export _CE_M=
++ _CE_M=
++ export _CE_CONDA=
++ _CE_CONDA=
++ export CONDA_PYTHON_EXE=/home/razzaghi/miniconda3/bin/python
++ CONDA_PYTHON_EXE=/home/razzaghi/miniconda3/bin/python
++ export _CONDA_ROOT=/home/razzaghi/miniconda3
++ _CONDA_ROOT=/home/razzaghi/miniconda3
++ '[' -z '' ']'
++ export CONDA_SHLVL=0
++ CONDA_SHLVL=0
++ '[' -n '' ']'
++++ dirname /home/razzaghi/miniconda3/bin/conda
+++ dirname /home/razzaghi/miniconda3/bin
++ PATH=/home/razzaghi/miniconda3/condabin:/usr/local/sbin:/usr/local/bin:/usr/sbin:/usr/bin:/sbin:/bin:/usr/games:/usr/local/games:/snap/bin
++ export PATH
++ '[' -z '' ']'
++ PS1=
+ conda activate lead
+ local cmd=activate
+ case "$cmd" in
+ __conda_activate activate lead
+ '[' -n '' ']'
+ local ask_conda
++ PS1=
++ __conda_exe shell.posix activate lead
++ '[' -n '' ']'
++ /home/razzaghi/miniconda3/bin/conda shell.posix activate lead
+ ask_conda='export _CE_M='\'''\''
export _CE_CONDA='\'''\''
PS1='\''(lead) '\''
export PATH='\''/home/razzaghi/miniconda3/envs/lead/bin:/home/razzaghi/miniconda3/condabin:/usr/local/sbin:/usr/local/bin:/usr/sbin:/usr/bin:/sbin:/bin:/usr/games:/usr/local/games:/snap/bin'\''
export CONDA_PREFIX='\''/home/razzaghi/miniconda3/envs/lead'\''
export CONDA_SHLVL='\''1'\''
export CONDA_DEFAULT_ENV='\''lead'\''
export CONDA_PROMPT_MODIFIER='\''(lead) '\''
export CONDA_EXE='\''/home/razzaghi/miniconda3/bin/conda'\''
export _CONDA_EXE='\''/home/razzaghi/miniconda3/bin/conda'\''
export CONDA_PYTHON_EXE='\''/home/razzaghi/miniconda3/bin/python'\''
export _CONDA_ROOT='\''/home/razzaghi/miniconda3'\'''
+ eval 'export _CE_M='\'''\''
export _CE_CONDA='\'''\''
PS1='\''(lead) '\''
export PATH='\''/home/razzaghi/miniconda3/envs/lead/bin:/home/razzaghi/miniconda3/condabin:/usr/local/sbin:/usr/local/bin:/usr/sbin:/usr/bin:/sbin:/bin:/usr/games:/usr/local/games:/snap/bin'\''
export CONDA_PREFIX='\''/home/razzaghi/miniconda3/envs/lead'\''
export CONDA_SHLVL='\''1'\''
export CONDA_DEFAULT_ENV='\''lead'\''
export CONDA_PROMPT_MODIFIER='\''(lead) '\''
export CONDA_EXE='\''/home/razzaghi/miniconda3/bin/conda'\''
export _CONDA_EXE='\''/home/razzaghi/miniconda3/bin/conda'\''
export CONDA_PYTHON_EXE='\''/home/razzaghi/miniconda3/bin/python'\''
export _CONDA_ROOT='\''/home/razzaghi/miniconda3'\'''
++ export _CE_M=
++ _CE_M=
++ export _CE_CONDA=
++ _CE_CONDA=
++ PS1='(lead) '
++ export PATH=/home/razzaghi/miniconda3/envs/lead/bin:/home/razzaghi/miniconda3/condabin:/usr/local/sbin:/usr/local/bin:/usr/sbin:/usr/bin:/sbin:/bin:/usr/games:/usr/local/games:/snap/bin
++ PATH=/home/razzaghi/miniconda3/envs/lead/bin:/home/razzaghi/miniconda3/condabin:/usr/local/sbin:/usr/local/bin:/usr/sbin:/usr/bin:/sbin:/bin:/usr/games:/usr/local/games:/snap/bin
++ export CONDA_PREFIX=/home/razzaghi/miniconda3/envs/lead
++ CONDA_PREFIX=/home/razzaghi/miniconda3/envs/lead
++ export CONDA_SHLVL=1
++ CONDA_SHLVL=1
++ export CONDA_DEFAULT_ENV=lead
++ CONDA_DEFAULT_ENV=lead
++ export 'CONDA_PROMPT_MODIFIER=(lead) '
++ CONDA_PROMPT_MODIFIER='(lead) '
++ export CONDA_EXE=/home/razzaghi/miniconda3/bin/conda
++ CONDA_EXE=/home/razzaghi/miniconda3/bin/conda
++ export _CONDA_EXE=/home/razzaghi/miniconda3/bin/conda
++ _CONDA_EXE=/home/razzaghi/miniconda3/bin/conda
++ export CONDA_PYTHON_EXE=/home/razzaghi/miniconda3/bin/python
++ CONDA_PYTHON_EXE=/home/razzaghi/miniconda3/bin/python
++ export _CONDA_ROOT=/home/razzaghi/miniconda3
++ _CONDA_ROOT=/home/razzaghi/miniconda3
+ __conda_hashr
+ '[' -n '' ']'
+ '[' -n '' ']'
+ hash -r
+ export UV_INDEX_URL=https://pypi.tuna.tsinghua.edu.cn/simple
+ UV_INDEX_URL=https://pypi.tuna.tsinghua.edu.cn/simple
+ export UV_DEFAULT_INDEX=https://pypi.tuna.tsinghua.edu.cn/simple
+ UV_DEFAULT_INDEX=https://pypi.tuna.tsinghua.edu.cn/simple
+ export UV_HTTP_TIMEOUT=300
+ UV_HTTP_TIMEOUT=300
+ export PIP_INDEX_URL=https://pypi.tuna.tsinghua.edu.cn/simple
+ PIP_INDEX_URL=https://pypi.tuna.tsinghua.edu.cn/simple
+ cd /home/razzaghi/LEAD/lead
+ uv pip install -e . --reinstall-package lead
Using Python 3.10.20 environment at: /home/razzaghi/miniconda3/envs/lead
   Updating https://github.com/kesai-labs/py123d (dev_v0.7.0)
    Updated https://github.com/kesai-labs/py123d (4d20a6cfd50f7966647448084f6482c0b65effff)
Resolved 283 packages in 1m 41s
   Building lead @ file:///home/razzaghi/LEAD/lead
   Building py123d @ git+https://github.com/kesai-labs/py123d@4d20a6cfd50f7966647448084f6482c0b65effff
Downloading nvidia-cusparselt-cu12 (273.9MiB)
Downloading torch (846.9MiB)
Downloading nvidia-cudnn-cu12 (674.0MiB)
Downloading nvidia-cublas-cu12 (566.8MiB)
Downloading open3d (426.9MiB)
Downloading nvidia-nccl-cu12 (307.4MiB)
Downloading nvidia-cusparse-cu12 (274.9MiB)
Downloading nvidia-cusolver-cu12 (255.1MiB)
Downloading nvidia-cufft-cu12 (184.2MiB)
Downloading triton (148.2MiB)
Downloading nvidia-cuda-nvrtc-cu12 (84.0MiB)
Downloading ray (74.2MiB)
Downloading nvidia-curand-cu12 (60.7MiB)
Downloading opencv-python (60.1MiB)
Downloading pyqt5-qt5 (58.1MiB)
Downloading nodejs-wheel-binaries (57.9MiB)
Downloading pyarrow (47.7MiB)
Downloading viser (4.6MiB)
Downloading virtualenv (5.1MiB)
Downloading notebook (5.3MiB)
Downloading zstandard (5.3MiB)
Downloading sympy (6.0MiB)
Downloading grpcio (6.7MiB)
Downloading lxml (7.6MiB)
Downloading pyqt5 (7.8MiB)
Downloading matplotlib (8.2MiB)
Downloading torchvision (8.2MiB)
Downloading dash (8.5MiB)
Downloading pyproj (8.8MiB)
Downloading scikit-learn (9.2MiB)
Downloading plotly (9.5MiB)
Downloading babel (9.7MiB)
Downloading nvidia-cuda-cupti-cu12 (9.8MiB)
Downloading pandas (12.2MiB)
Downloading basedpyright (12.8MiB)
Downloading ruff (13.6MiB)
Downloading embreex (13.8MiB)
Downloading jupyterlab (16.4MiB)
Downloading numpy (17.3MiB)
Downloading wandb (25.9MiB)
Downloading pyogrio (32.2MiB)
Downloading carla (32.6MiB)
Downloading av (37.3MiB)
Downloading nvidia-nvjitlink-cu12 (37.4MiB)
Downloading scipy (39.3MiB)
Downloading llvmlite (40.4MiB)
Downloading imagecodecs (41.4MiB)
Downloading dracopy (4.8MiB)
Downloading fonttools (4.7MiB)
Downloading jedi (4.7MiB)
 Downloaded viser
Downloading cryptography (4.5MiB)
 Downloaded virtualenv
 Downloaded sympy
Downloading pillow (4.3MiB)
Downloading hf-xet (4.3MiB)
 Downloaded dracopy
Downloading numba (3.6MiB)
 Downloaded notebook
 Downloaded jedi
Downloading debugpy (2.9MiB)
Downloading py-spy (2.8MiB)
 Downloaded lxml
 Downloaded zstandard
Downloading timm (2.4MiB)
Downloading shapely (2.4MiB)
 Downloaded py-spy
 Downloaded plotly
Downloading grimp (2.2MiB)
Downloading widgetsnbextension (2.1MiB)
 Downloaded timm
 Downloaded fonttools
Downloading pydantic-core (2.0MiB)
Downloading ephem (1.7MiB)
 Downloaded babel
Downloading networkx (1.6MiB)
 Downloaded widgetsnbextension
 Downloaded debugpy
Downloading aiohttp (1.6MiB)
Downloading kiwisolver (1.6MiB)
 Downloaded pyqt5
 Downloaded grpcio
Downloading manifold3d (1.3MiB)
Downloading transforms3d (1.3MiB)
 Downloaded matplotlib
Downloading pygments (1.2MiB)
 Downloaded numba
 Downloaded nvidia-cuda-cupti-cu12
Downloading nvidia-cufile-cu12 (1.1MiB)
Downloading beartype (1.1MiB)
 Downloaded pillow
 Downloaded grimp
Downloading setuptools (1.0MiB)
 Downloaded shapely
 Downloaded ephem
 Downloaded beartype
 Downloaded networkx
 Downloaded cryptography
 Downloaded kiwisolver
 Downloaded pydantic-core
 Downloaded dash
 Downloaded manifold3d
 Downloaded aiohttp
 Downloaded transforms3d
 Downloaded pygments
 Downloaded scikit-learn
 Downloaded setuptools
      Built lead @ file:///home/razzaghi/LEAD/lead
 Downloaded nvidia-cufile-cu12
 Downloaded hf-xet
 Downloaded pyproj
 Downloaded pandas
 Downloaded torchvision
 Downloaded basedpyright
 Downloaded numpy
 Downloaded ruff
 Downloaded jupyterlab
 Downloaded embreex
   Building dictor==0.1.12
   Building antlr4-python3-runtime==4.9.3
   Building filterpy==1.4.5
   Building simple-watchdog-timer==0.1.1
      Built dictor==0.1.12
      Built simple-watchdog-timer==0.1.1
      Built filterpy==1.4.5
      Built antlr4-python3-runtime==4.9.3
      Built py123d @ git+https://github.com/kesai-labs/py123d@4d20a6cfd50f7966647448084f6482c0b65effff
 Downloaded wandb
 Downloaded carla
 Downloaded pyogrio
 Downloaded nvidia-nvjitlink-cu12
 Downloaded av
 Downloaded llvmlite
 Downloaded imagecodecs
 Downloaded scipy
 Downloaded pyqt5-qt5
 Downloaded pyarrow
 Downloaded opencv-python
 Downloaded nodejs-wheel-binaries
 Downloaded nvidia-curand-cu12
 Downloaded ray
 Downloaded nvidia-cuda-nvrtc-cu12
 Downloaded triton
 Downloaded nvidia-cufft-cu12
 Downloaded nvidia-cusolver-cu12
 Downloaded nvidia-cusparselt-cu12
 Downloaded nvidia-cusparse-cu12
 Downloaded nvidia-nccl-cu12
 Downloaded open3d
 Downloaded nvidia-cublas-cu12
 Downloaded nvidia-cudnn-cu12
 Downloaded torch
Prepared 282 packages in 14m 56s
Uninstalled 1 package in 23ms
Installed 282 packages in 5.43s
 + addict==2.4.0
 + aiohappyeyeballs==2.7.1
 + aiohttp==3.14.3
 + aiohttp-cors==0.8.1
 + aiosignal==1.4.0
 + annotated-types==0.8.0
 + antlr4-python3-runtime==4.9.3
 + anyio==4.14.2
 + argon2-cffi==25.1.0
 + argon2-cffi-bindings==25.1.0
 + arrow==1.4.0
 + asttokens==3.0.2
 + async-lru==2.3.0
 + async-timeout==5.0.1
 + attrs==26.1.0
 + av==15.1.0
 + babel==2.18.0
 + basedpyright==1.39.9
 + beartype==0.21.0
 + beautifulsoup4==4.15.0
 + bleach==6.4.0
 + blinker==1.9.0
 + cachetools==7.1.7
 + carla==0.9.16
 + certifi==2026.7.22
 + cffi==2.1.1
 + cfgv==3.5.0
 + charset-normalizer==3.5.0
 + click==8.4.2
 + colorful==0.5.8
 + colorlog==6.12.0
 + comm==0.2.3
 + configargparse==1.7.5
 + contourpy==1.3.2
 + coverage==7.15.4
 + cryptography==50.0.0
 + cycler==0.12.1
 + dash==4.4.1
 + debugpy==1.8.21
 + decorator==5.3.1
 + defusedxml==0.7.1
 + dictor==0.1.12
 + distlib==0.4.3
 + docstring-parser-fork==0.0.16
 + dracopy==2.0.0
 + elementpath==1.3.3
 + embreex==4.4.0
 + ephem==4.1.5
 + exceptiongroup==1.3.1
 + executing==2.2.1
 + fastjsonschema==2.22.1
 + filelock==3.32.3
 + filterpy==1.4.5
 + flask==3.1.1
 + fonttools==4.63.0
 + fqdn==1.5.1
 + frozenlist==1.8.0
 + fsspec==2026.7.0
 + geopandas==1.1.4
 + gitdb==4.0.12
 + gitpython==3.1.59
 + google-api-core==2.30.3
 + google-auth==2.56.3
 + googleapis-common-protos==1.75.1
 + grimp==3.15
 + grpcio==1.83.0
 + h11==0.16.0
 + hf-xet==1.6.0
 + httpcore==1.0.9
 + httpx==0.28.1
 + huggingface-hub==1.27.0
 + hydra-colorlog==1.2.0
 + hydra-core==1.3.5
 + identify==2.6.19
 + idna==3.18
 + imagecodecs==2025.3.30
 + imageio==2.37.4
 + import-linter==2.3
 + importlib-metadata==9.0.0
 + iniconfig==2.3.0
 + ipykernel==7.3.0
 + ipython==8.39.0
 + ipywidgets==8.1.8
 + isoduration==20.11.0
 + itsdangerous==2.2.0
 + janus==2.0.0
 + jaxtyping==0.3.2
 + jedi==0.20.0
 + jinja2==3.1.6
 + joblib==1.5.3
 + json5==0.15.0
 + jsonpointer==3.1.1
 + jsonschema==4.26.0
 + jsonschema-specifications==2025.9.1
 + jupyter==1.1.1
 + jupyter-builder==1.2.2
 + jupyter-client==8.9.1
 + jupyter-console==6.6.3
 + jupyter-core==5.9.1
 + jupyter-events==0.12.1
 + jupyter-lsp==2.3.1
 + jupyter-server==2.20.0
 + jupyter-server-terminals==0.5.4
 + jupyterlab==4.6.3
 + jupyterlab-pygments==0.3.0
 + jupyterlab-server==2.28.0
 + jupyterlab-widgets==3.0.16
 + kiwisolver==1.5.0
 + lark==1.3.1
 + laspy==2.7.0
 + lazrs==0.8.2
 + lead==1.4.0 (from file:///home/razzaghi/LEAD/lead)
 + lightning==2.6.1
 + lightning-utilities==0.15.3
 + llvmlite==0.44.0
 + lmdb==1.8.1
 + lxml==5.1.0
 + manifold3d==3.5.2
 + mapbox-earcut==2.0.0
 + markdown-it-py==4.2.0
 + markupsafe==3.0.3
 + matplotlib==3.10.3
 + matplotlib-inline==0.2.2
 + mdurl==0.1.2
 + mistune==3.3.4
 + mpmath==1.3.0
 + msgpack==1.2.1
 + msgspec==0.21.1
 + multidict==6.7.1
 + narwhals==2.24.0
 + nbclient==0.11.0
 + nbconvert==7.16.6
 + nbformat==5.10.4
 + nbstripout==0.8.2
 + nest-asyncio==1.6.0
 + nest-asyncio2==1.7.2
 + networkx==3.4.2
 + nodeenv==1.10.0
 + nodejs-wheel-binaries==24.16.0
 + notebook==7.6.2
 + notebook-shim==0.2.4
 + numba==0.61.2
 + numpy==1.26.0
 + nvidia-cublas-cu12==12.8.4.1
 + nvidia-cuda-cupti-cu12==12.8.90
 + nvidia-cuda-nvrtc-cu12==12.8.93
 + nvidia-cuda-runtime-cu12==12.8.90
 + nvidia-cudnn-cu12==9.10.2.21
 + nvidia-cufft-cu12==11.3.3.83
 + nvidia-cufile-cu12==1.13.1.3
 + nvidia-curand-cu12==10.3.9.90
 + nvidia-cusolver-cu12==11.7.3.90
 + nvidia-cusparse-cu12==12.5.8.93
 + nvidia-cusparselt-cu12==0.7.1
 + nvidia-nccl-cu12==2.27.3
 + nvidia-nvjitlink-cu12==12.8.93
 + nvidia-nvtx-cu12==12.8.90
 + omegaconf==2.3.0
 + open3d==0.19.0
 + opencensus==0.11.4
 + opencensus-context==0.1.3
 + opencv-python==4.11.0.86
 + opentelemetry-api==1.44.0
 + opentelemetry-exporter-prometheus==0.65b0
 + opentelemetry-proto==1.44.0
 + opentelemetry-sdk==1.44.0
 + opentelemetry-semantic-conventions==0.65b0
 + overrides==7.7.0
 + pandas==2.3.3
 + pandas-stubs==2.3.3.260113
 + pandocfilters==1.5.1
 + parso==0.8.7
 + pexpect==4.9.0
 + pillow==10.2.0
 + platformdirs==4.11.3
 + plotly==6.9.0
 + pluggy==1.6.0
 + pre-commit==4.2.0
 + prometheus-client==0.26.0
 + prompt-toolkit==3.0.53
 + propcache==0.5.2
 + proto-plus==1.28.3
 + protobuf==7.35.1
 + psutil==5.9.8
 + ptyprocess==0.7.0
 + pure-eval==0.2.3
 + py-spy==0.4.2
 + py-trees==0.8.3
 + py123d==0.7.0 (from git+https://github.com/kesai-labs/py123d@4d20a6cfd50f7966647448084f6482c0b65effff)
 + pyarrow==25.0.1
 + pyasn1==0.6.4
 + pyasn1-modules==0.4.2
 + pycollada==0.9.3
 + pycparser==3.0
 + pydantic==2.13.4
 + pydantic-core==2.46.4
 + pydoclint==0.8.3
 + pydot==4.0.1
 + pygments==2.20.0
 + pyogrio==0.13.0
 + pyparsing==3.3.2
 + pyproj==3.7.1
 + pyqt5==5.15.11
 + pyqt5-qt5==5.15.19
 + pyqt5-sip==12.19.0
 + pyquaternion==0.9.9
 + pytest==9.0.2
 + pytest-cov==7.0.0
 + python-dateutil==2.9.0.post0
 + python-discovery==1.5.2
 + python-json-logger==4.1.0
 + pytorch-lightning==2.6.5
 + pyturbojpeg==2.5.0
 + pytz==2026.3.post1
 + pyyaml==6.0.3
 + pyzmq==27.1.0
 + ray==2.57.0
 + referencing==0.37.0
 + requests==2.32.5
 + retrying==1.4.2
 + rfc3339-validator==0.1.4
 + rfc3986-validator==0.1.1
 + rfc3987-syntax==1.1.0
 + rich==14.3.4
 + rpds-py==0.30.0
 + rtree==1.4.1
 + ruff==0.14.10
 + safetensors==0.8.0
 + scikit-learn==1.7.2
 + scipy==1.14.1
 + send2trash==2.1.0
 + sentry-sdk==2.68.0
 - setuptools==84.0.0
 + setuptools==81.0.0
 + shapely==2.0.4
 + simple-watchdog-timer==0.1.1
 + six==1.16.0
 + smart-open==8.0.1
 + smmap==5.0.3
 + soupsieve==2.9.2
 + stack-data==0.6.3
 + svg-path==7.1
 + sympy==1.14.0
 + tabulate==0.9.0
 + terminado==0.18.1
 + threadpoolctl==3.6.0
 + timm==1.0.25
 + tinycss2==1.5.1
 + tomli==2.4.1
 + torch==2.8.0
 + torchmetrics==1.9.0
 + torchvision==0.23.0
 + tornado==6.5.8
 + tqdm==4.66.1
 + traitlets==5.16.1
 + transforms3d==0.4.1
 + trimesh==4.12.2
 + triton==3.4.0
 + types-pytz==2026.3.1.20260727
 + typing-extensions==4.16.0
 + typing-inspection==0.4.4
 + tzdata==2026.3
 + uri-template==1.3.0
 + urllib3==2.7.0
 + vhacdx==0.0.10
 + virtualenv==21.7.4
 + viser==1.0.24
 + wadler-lindig==0.1.7
 + wandb==0.26.0
 + wcwidth==0.8.2
 + webcolors==25.10.0
 + webencodings==0.5.1
 + websocket-client==1.9.0
 + websockets==15.0.1
 + werkzeug==3.1.8
 + widgetsnbextension==4.0.15
 + wrapt==2.3.0
 + xmlschema==1.0.18
 + xxhash==4.0.0
 + yarl==1.24.5
 + yourdfpy==0.0.60
 + zipp==4.1.0
 + zstandard==0.25.0
+ echo LEAD_INSTALL_EXIT=0
LEAD_INSTALL_EXIT=0
